Copyright 1986-2022 Xilinx, Inc. All Rights Reserved. Copyright 2022-2023 Advanced Micro Devices, Inc. All Rights Reserved.
---------------------------------------------------------------------------------------------------------------------------------------------
| Tool Version : Vivado v.2023.2 (win64) Build 4029153 Fri Oct 13 20:14:34 MDT 2023
| Date         : Fri May 17 22:44:31 2024
| Host         : MSI running 64-bit major release  (build 9200)
| Command      : report_control_sets -verbose -file Pong_control_sets_placed.rpt
| Design       : Pong
| Device       : xc7a100t
---------------------------------------------------------------------------------------------------------------------------------------------

Control Set Information

Table of Contents
-----------------
1. Summary
2. Histogram
3. Flip-Flop Distribution
4. Detailed Control Set Information

1. Summary
----------

+----------------------------------------------------------+-------+
|                          Status                          | Count |
+----------------------------------------------------------+-------+
| Total control sets                                       |    95 |
|    Minimum number of control sets                        |    95 |
|    Addition due to synthesis replication                 |     0 |
|    Addition due to physical synthesis replication        |     0 |
| Unused register locations in slices containing registers |   382 |
+----------------------------------------------------------+-------+
* Control sets can be merged at opt_design using control_set_merge or merge_equivalent_drivers
** Run report_qor_suggestions for automated merging and remapping suggestions


2. Histogram
------------

+--------------------+-------+
|       Fanout       | Count |
+--------------------+-------+
| Total control sets |    95 |
| >= 0 to < 4        |     6 |
| >= 4 to < 6        |    30 |
| >= 6 to < 8        |     5 |
| >= 8 to < 10       |     3 |
| >= 10 to < 12      |     6 |
| >= 12 to < 14      |     0 |
| >= 14 to < 16      |     1 |
| >= 16              |    44 |
+--------------------+-------+
* Control sets can be remapped at either synth_design or opt_design


3. Flip-Flop Distribution
-------------------------

+--------------+-----------------------+------------------------+-----------------+--------------+
| Clock Enable | Synchronous Set/Reset | Asynchronous Set/Reset | Total Registers | Total Slices |
+--------------+-----------------------+------------------------+-----------------+--------------+
| No           | No                    | No                     |             184 |           86 |
| No           | No                    | Yes                    |               0 |            0 |
| No           | Yes                   | No                     |             805 |          248 |
| Yes          | No                    | No                     |              60 |           27 |
| Yes          | No                    | Yes                    |               0 |            0 |
| Yes          | Yes                   | No                     |             225 |           63 |
+--------------+-----------------------+------------------------+-----------------+--------------+


4. Detailed Control Set Information
-----------------------------------

+-------------------------------------+-------------------------------------------------------------+-----------------------------------------------------------------+------------------+----------------+--------------+
|             Clock Signal            |                        Enable Signal                        |                         Set/Reset Signal                        | Slice Load Count | Bel Load Count | Bels / Slice |
+-------------------------------------+-------------------------------------------------------------+-----------------------------------------------------------------+------------------+----------------+--------------+
|  clock_25Mhz_BUFG                   |                                                             | sync_porch/Sync_to_Count_wrap/out_Hsync0                        |                1 |              1 |         1.00 |
|  clock_25Mhz_BUFG                   |                                                             | sync_porch/Sync_to_Count_wrap/out_Vsync0                        |                1 |              1 |         1.00 |
| ~clock_25Mhz_BUFG                   |                                                             |                                                                 |                1 |              1 |         1.00 |
|  bgm_wrap/fre_1Hz/clk_10Hz_reg_0    |                                                             |                                                                 |                2 |              2 |         1.00 |
|  clock_IBUF_BUFG                    |                                                             | clock_div/clear                                                 |                1 |              2 |         2.00 |
| ~draw_wrap/clock_sec/CLK            |                                                             |                                                                 |                2 |              3 |         1.50 |
|  debounce_clock_BUFG                | keypad_p1/temp[3]_i_1_n_0                                   |                                                                 |                1 |              4 |         4.00 |
|  debounce_clock_BUFG                |                                                             | keypad_p1/digit0_n_0                                            |                1 |              4 |         4.00 |
|  debounce_clock_BUFG                |                                                             | keypad_p2/digit0_n_0                                            |                1 |              4 |         4.00 |
|  debounce_clock_BUFG                | debounce_p1_ai/debounce_counter[3]_i_2__5_n_0               | debounce_p1_ai/debounce_counter[3]_i_1__5_n_0                   |                1 |              4 |         4.00 |
|  debounce_clock_BUFG                | debounce_change_mode/debounce_counter[3]_i_2__0_n_0         | debounce_change_mode/debounce_counter[3]_i_1__0_n_0             |                2 |              4 |         2.00 |
|  debounce_clock_BUFG                | debounce_p1_up/debounce_counter[3]_i_2__1_n_0               | debounce_p1_up/debounce_counter[3]_i_1__1_n_0                   |                1 |              4 |         4.00 |
|  debounce_clock_BUFG                | debounce_p1_down/debounce_counter[3]_i_2__2_n_0             | debounce_p1_down/debounce_counter[3]_i_1__2_n_0                 |                1 |              4 |         4.00 |
|  debounce_clock_BUFG                | debounce_p2_ai/debounce_counter[3]_i_2__6_n_0               | debounce_p2_ai/debounce_counter[3]_i_1__6_n_0                   |                1 |              4 |         4.00 |
|  debounce_clock_BUFG                | debounce_p2_up/debounce_counter[3]_i_2__3_n_0               | debounce_p2_up/debounce_counter[3]_i_1__3_n_0                   |                1 |              4 |         4.00 |
|  debounce_clock_BUFG                | debounce_p2_down/debounce_counter[3]_i_2__4_n_0             | debounce_p2_down/debounce_counter[3]_i_1__4_n_0                 |                2 |              4 |         2.00 |
|  debounce_clock_BUFG                | debounce_start/debounce_counter[3]_i_2_n_0                  | debounce_start/debounce_counter[3]_i_1_n_0                      |                1 |              4 |         4.00 |
|  pong_fsm_wrap/ball_wrap/hit_paddle |                                                             |                                                                 |                2 |              4 |         2.00 |
|  debounce_clock_BUFG                | keypad_p2/temp[3]_i_1__0_n_0                                |                                                                 |                1 |              4 |         4.00 |
|  bgm_wrap/bps2_name_2/CLK           |                                                             | bgm_wrap/hit_wall_1/counter[3]_i_1__5_n_0                       |                1 |              4 |         4.00 |
|  clock_25Mhz_BUFG                   |                                                             | VGA_Sync_to_Count_wrap/row_count_reg[6]_2                       |                1 |              4 |         4.00 |
|  bgm_wrap/bps2_name_2/CLK           |                                                             | bgm_wrap/change_mode_1/counter[3]_i_1__6_n_0                    |                1 |              4 |         4.00 |
|  bgm_wrap/bps_name_1/CLK            |                                                             | bgm_wrap/OVER_1/clear                                           |                2 |              4 |         2.00 |
|  bgm_wrap/bps_name_1/CLK            |                                                             | bgm_wrap/P1_SCORE_1/counter[3]_i_1__2_n_0                       |                1 |              4 |         4.00 |
|  bgm_wrap/bps_name_1/CLK            |                                                             | bgm_wrap/MODE_1/clear                                           |                1 |              4 |         4.00 |
|  bgm_wrap/fre_1Hz/clk_10Hz_reg_0    |                                                             | bgm_wrap/bps2_name_2/bump_i_1__0_n_0                            |                1 |              4 |         4.00 |
|  clock_IBUF_BUFG                    | pong_fsm_wrap/FSM_onehot_state_reg[5]_0                     |                                                                 |                2 |              4 |         2.00 |
|  clock_25Mhz_BUFG                   |                                                             | VGA_Sync_to_Count_wrap/fixed_column_count1                      |                2 |              4 |         2.00 |
|  clock_25Mhz_BUFG                   | pong_fsm_wrap/FSM_onehot_state_reg_n_0_[4]                  | pong_fsm_wrap/init                                              |                2 |              4 |         2.00 |
|  clock_25Mhz_BUFG                   | pong_fsm_wrap/Q[1]                                          | pong_fsm_wrap/init                                              |                1 |              4 |         4.00 |
| ~ms                                 | draw_wrap/Draw_Over_wrap/Signal_Control_B/next_state        | draw_wrap/Draw_Over_wrap/Signal_Control_B/timer_ZERO[3]_i_1_n_0 |                1 |              4 |         4.00 |
| ~ms                                 | draw_wrap/Draw_Over_wrap/Signal_Control_R/next_state        | draw_wrap/Draw_Over_wrap/Signal_Control_R/timer_ZERO[3]_i_1_n_0 |                1 |              4 |         4.00 |
|  bgm_wrap/bps_name_1/CLK            |                                                             | bgm_wrap/P2_SCORE_1/counter[3]_i_1__3_n_0                       |                1 |              4 |         4.00 |
| ~ms                                 | draw_wrap/Draw_Over_wrap/Signal_Control_G/next_state        | draw_wrap/Draw_Over_wrap/Signal_Control_G/timer_ZERO[3]_i_1_n_0 |                1 |              4 |         4.00 |
|  bgm_wrap/bps2_name_2/CLK           |                                                             | bgm_wrap/hit_paddle_1/counter[3]_i_1__4_n_0                     |                1 |              4 |         4.00 |
|  bgm_wrap/fre_1Hz/clk_10Hz_reg_0    |                                                             | bgm_wrap/bps_name_1/clear                                       |                1 |              5 |         5.00 |
|  clock_25Mhz_BUFG                   | pong_fsm_wrap/p2_paddle/paddle_y[5]_i_1__0_n_0              |                                                                 |                6 |              6 |         1.00 |
|  clock_25Mhz_BUFG                   | pong_fsm_wrap/p1_paddle/paddle_y[5]_i_1_n_0                 |                                                                 |                5 |              6 |         1.20 |
|  clock_25Mhz_BUFG                   | pong_fsm_wrap/ball_wrap/E[0]                                |                                                                 |                2 |              6 |         3.00 |
|  clock_25Mhz_BUFG                   | pong_fsm_wrap/ball_wrap/previous_ball_x[2]_i_2_n_0          | pong_fsm_wrap/ball_wrap/previous_ball_x[2]_i_1_n_0              |                3 |              6 |         2.00 |
|  ms                                 |                                                             |                                                                 |                3 |              6 |         2.00 |
| ~ms                                 | draw_wrap/Draw_Over_wrap/Signal_Control_R/sel               | draw_wrap/Draw_Over_wrap/Signal_Control_R/clear                 |                1 |              8 |         8.00 |
| ~ms                                 | draw_wrap/Draw_Over_wrap/Signal_Control_G/current_state[1]  | draw_wrap/Draw_Over_wrap/Signal_Control_G/signal[3]_i_1__0_n_0  |                2 |              8 |         4.00 |
| ~ms                                 | draw_wrap/Draw_Over_wrap/Signal_Control_B/signal[3]_i_2_n_0 | draw_wrap/Draw_Over_wrap/Signal_Control_B/signal[3]_i_1__1_n_0  |                2 |              8 |         4.00 |
|  clock_25Mhz_BUFG                   |                                                             | sync_porch/Sync_to_Count_wrap/row_count_0                       |                4 |             10 |         2.50 |
|  clock_25Mhz_BUFG                   |                                                             | sync_pulse_gen/p_0_in                                           |                3 |             10 |         3.33 |
|  clock_25Mhz_BUFG                   | sync_pulse_gen/p_0_in                                       |                                                                 |                4 |             10 |         2.50 |
|  clock_25Mhz_BUFG                   | VGA_Sync_to_Count_wrap/row_count[9]_i_1__0_n_0              |                                                                 |                4 |             10 |         2.50 |
|  clock_25Mhz_BUFG                   |                                                             | VGA_Sync_to_Count_wrap/row_count[9]_i_1__0_n_0                  |                3 |             10 |         3.33 |
|  clock_25Mhz_BUFG                   | sync_porch/Sync_to_Count_wrap/row_count_0                   |                                                                 |                2 |             10 |         5.00 |
|  clock_IBUF_BUFG                    |                                                             |                                                                 |               14 |             15 |         1.07 |
|  clock_IBUF_BUFG                    |                                                             | clock_debounce/counter0_carry__0_n_1                            |                4 |             16 |         4.00 |
|  clock_IBUF_BUFG                    |                                                             | bgm_wrap/MODE_1/fre_12/clk_after_i_1__10_n_0                    |                6 |             18 |         3.00 |
|  clock_IBUF_BUFG                    |                                                             | bgm_wrap/OVER_1/fre_12/clk_after_i_1__11_n_0                    |                6 |             18 |         3.00 |
|  clock_25Mhz_BUFG                   | pong_fsm_wrap/ball_wrap/ball_speed1_carry__2_n_4            | pong_fsm_wrap/ball_wrap/clear                                   |                5 |             18 |         3.60 |
|  clock_IBUF_BUFG                    |                                                             | bgm_wrap/P2_SCORE_1/fre_11/clk_after_i_1__28_n_0                |                6 |             19 |         3.17 |
|  clock_IBUF_BUFG                    |                                                             | bgm_wrap/P2_SCORE_1/fre_9/clk_after_i_1__26_n_0                 |                6 |             19 |         3.17 |
|  clock_IBUF_BUFG                    |                                                             | bgm_wrap/OVER_1/fre_10/clk_after_i_1__13_n_0                    |                6 |             19 |         3.17 |
|  clock_IBUF_BUFG                    |                                                             | bgm_wrap/OVER_1/fre_11/clk_after_i_1__12_n_0                    |                6 |             19 |         3.17 |
|  clock_IBUF_BUFG                    |                                                             | bgm_wrap/OVER_1/fre_5/clk_after_i_1__18_n_0                     |                6 |             19 |         3.17 |
|  clock_IBUF_BUFG                    |                                                             | bgm_wrap/OVER_1/fre_6/clk_after_i_1__17_n_0                     |                6 |             19 |         3.17 |
|  clock_IBUF_BUFG                    |                                                             | bgm_wrap/OVER_1/fre_8/clk_after_i_1__15_n_0                     |                6 |             19 |         3.17 |
|  clock_IBUF_BUFG                    |                                                             | bgm_wrap/P1_SCORE_1/fre_11/clk_after_i_1__25_n_0                |                6 |             19 |         3.17 |
|  clock_IBUF_BUFG                    |                                                             | bgm_wrap/P1_SCORE_1/fre_9/clk_after_i_1__23_n_0                 |                6 |             19 |         3.17 |
|  clock_IBUF_BUFG                    |                                                             | bgm_wrap/OVER_1/fre_7/clk_after_i_1__16_n_0                     |                6 |             19 |         3.17 |
|  clock_IBUF_BUFG                    |                                                             | bgm_wrap/MODE_1/fre_5/clk_after_i_1__3_n_0                      |                6 |             19 |         3.17 |
|  clock_IBUF_BUFG                    |                                                             | bgm_wrap/MODE_1/fre_6/clk_after_i_1__4_n_0                      |                6 |             19 |         3.17 |
|  clock_IBUF_BUFG                    |                                                             | bgm_wrap/MODE_1/fre_7/clk_after_i_1__5_n_0                      |                6 |             19 |         3.17 |
|  clock_IBUF_BUFG                    |                                                             | bgm_wrap/MODE_1/fre_11/clk_after_i_1__9_n_0                     |                6 |             19 |         3.17 |
|  clock_IBUF_BUFG                    |                                                             | bgm_wrap/MODE_1/fre_9/clk_after_i_1__7_n_0                      |                6 |             19 |         3.17 |
|  clock_IBUF_BUFG                    |                                                             | bgm_wrap/P1_SCORE_1/fre_10/clk_after_i_1__24_n_0                |                6 |             19 |         3.17 |
|  clock_IBUF_BUFG                    |                                                             | bgm_wrap/MODE_1/fre_8/clk_after_i_1__6_n_0                      |                6 |             19 |         3.17 |
|  clock_IBUF_BUFG                    |                                                             | bgm_wrap/hit_paddle_1/fre_11/clk_after_i_1__29_n_0              |                6 |             19 |         3.17 |
|  clock_IBUF_BUFG                    |                                                             | bgm_wrap/MODE_1/fre_10/clk_after_i_1__8_n_0                     |                6 |             19 |         3.17 |
|  clock_IBUF_BUFG                    |                                                             | bgm_wrap/OVER_1/fre_9/clk_after_i_1__14_n_0                     |                6 |             19 |         3.17 |
|  clock_IBUF_BUFG                    |                                                             | bgm_wrap/P2_SCORE_1/fre_10/clk_after_i_1__27_n_0                |                6 |             19 |         3.17 |
|  clock_IBUF_BUFG                    |                                                             | bgm_wrap/OVER_1/fre_1/clk_after_i_1__22_n_0                     |                6 |             20 |         3.33 |
|  clock_IBUF_BUFG                    |                                                             | bgm_wrap/MODE_1/fre_4/clk_after_i_1__2_n_0                      |                6 |             20 |         3.33 |
|  clock_IBUF_BUFG                    |                                                             | bgm_wrap/MODE_1/fre_1/clk_after_i_1_n_0                         |                6 |             20 |         3.33 |
|  clock_IBUF_BUFG                    |                                                             | bgm_wrap/change_mode_1/fre_1/clk_after_i_1__31_n_0              |                6 |             20 |         3.33 |
|  clock_IBUF_BUFG                    |                                                             | bgm_wrap/hit_wall_1/fre_1/clk_after_i_1__30_n_0                 |                6 |             20 |         3.33 |
|  clock_IBUF_BUFG                    |                                                             | bgm_wrap/MODE_1/fre_3/clk_after_i_1__1_n_0                      |                6 |             20 |         3.33 |
|  clock_IBUF_BUFG                    |                                                             | bgm_wrap/MODE_1/fre_2/clk_after_i_1__0_n_0                      |                6 |             20 |         3.33 |
|  clock_IBUF_BUFG                    |                                                             | bgm_wrap/OVER_1/fre_4/clk_after_i_1__19_n_0                     |                6 |             20 |         3.33 |
|  clock_IBUF_BUFG                    |                                                             | bgm_wrap/OVER_1/fre_3/clk_after_i_1__20_n_0                     |                6 |             20 |         3.33 |
|  clock_IBUF_BUFG                    |                                                             | bgm_wrap/OVER_1/fre_2/clk_after_i_1__21_n_0                     |                6 |             20 |         3.33 |
|  clock_25Mhz_BUFG                   |                                                             | draw_wrap/clock_ms/counter0_carry__1_n_2                        |                6 |             21 |         3.50 |
|  clock_IBUF_BUFG                    |                                                             | bgm_wrap/fre_1Hz/clk_10Hz_i_1_n_0                               |                6 |             22 |         3.67 |
|  clock_25Mhz_BUFG                   |                                                             | draw_wrap/clock_sec/clear                                       |                6 |             24 |         4.00 |
|  clock_25Mhz_BUFG                   | pong_fsm_wrap/ball_wrap/ball_speed                          | pong_fsm_wrap/ball_wrap/clear                                   |                8 |             29 |         3.62 |
|  clock_25Mhz_BUFG                   | keypad_p1/debounced_button_reg                              | pong_fsm_wrap/p1_paddle/paddle_count[31]_i_1_n_0                |                9 |             32 |         3.56 |
|  clock_25Mhz_BUFG                   | keypad_p2/debounced_button_reg                              | pong_fsm_wrap/p2_paddle/paddle_count[31]_i_1__0_n_0             |                9 |             32 |         3.56 |
|  clock_25Mhz_BUFG                   | pong_fsm_wrap/Q[0]                                          | pong_fsm_wrap/ball_wrap/ball_count                              |                8 |             32 |         4.00 |
|  debounce_clock_BUFG                |                                                             |                                                                 |               20 |             55 |         2.75 |
|  clock_25Mhz_BUFG                   |                                                             |                                                                 |               42 |             98 |         2.33 |
+-------------------------------------+-------------------------------------------------------------+-----------------------------------------------------------------+------------------+----------------+--------------+


