#-----------------------------------------------------------
# Vivado v2023.2 (64-bit)
# SW Build 4029153 on Fri Oct 13 20:14:34 MDT 2023
# IP Build 4028589 on Sat Oct 14 00:45:43 MDT 2023
# SharedData Build 4025554 on Tue Oct 10 17:18:54 MDT 2023
# Start of session at: Wed May  8 20:51:43 2024
# Process ID: 37820
# Current directory: C:/Users/Chien/College/Logic_Design_Lab/2024-Spring-DLab-Pong-Game/Pong
# Command line: vivado.exe -gui_launcher_event rodinguilauncherevent22524 C:\Users\Chien\College\Logic_Design_Lab\2024-Spring-DLab-Pong-Game\Pong\Pong.xpr
# Log file: C:/Users/Chien/College/Logic_Design_Lab/2024-Spring-DLab-Pong-Game/Pong/vivado.log
# Journal file: C:/Users/Chien/College/Logic_Design_Lab/2024-Spring-DLab-Pong-Game/Pong\vivado.jou
# Running On: MSI, OS: Windows, CPU Frequency: 2304 MHz, CPU Physical cores: 8, Host memory: 16866 MB
#-----------------------------------------------------------
start_gui
open_project C:/Users/Chien/College/Logic_Design_Lab/2024-Spring-DLab-Pong-Game/Pong/Pong.xpr
