#-----------------------------------------------------------
# Vivado v2023.2.2 (64-bit)
# SW Build 4126759 on Thu Feb  8 23:53:51 MST 2024
# IP Build 4126054 on Fri Feb  9 11:39:09 MST 2024
# SharedData Build 4115275 on Tue Jan 30 00:40:57 MST 2024
# Start of session at: Fri May  3 21:10:31 2024
# Process ID: 18308
# Current directory: C:/Users/asian/Desktop/School/D_lab/final_project/Pong
# Command line: vivado.exe -gui_launcher_event rodinguilauncherevent2080 C:\Users\asian\Desktop\School\D_lab\final_project\Pong\Pong.xpr
# Log file: C:/Users/asian/Desktop/School/D_lab/final_project/Pong/vivado.log
# Journal file: C:/Users/asian/Desktop/School/D_lab/final_project/Pong\vivado.jou
# Running On: Moo_Laptop, OS: Windows, CPU Frequency: 3294 MHz, CPU Physical cores: 16, Host memory: 16366 MB
#-----------------------------------------------------------
start_gui
open_project C:/Users/asian/Desktop/School/D_lab/final_project/Pong/Pong.xpr
update_compile_order -fileset sources_1
reset_run synth_1
launch_runs impl_1 -to_step write_bitstream -jobs 16
wait_on_run impl_1
open_hw_manager
connect_hw_server -allow_non_jtag
open_hw_target
set_property PROGRAM.FILE {C:/Users/asian/Desktop/School/D_lab/final_project/Pong/Pong.runs/impl_1/Pong.bit} [get_hw_devices xc7a100t_0]
current_hw_device [get_hw_devices xc7a100t_0]
refresh_hw_device -update_hw_probes false [lindex [get_hw_devices xc7a100t_0] 0]
set_property PROBES.FILE {} [get_hw_devices xc7a100t_0]
set_property FULL_PROBES.FILE {} [get_hw_devices xc7a100t_0]
set_property PROGRAM.FILE {C:/Users/asian/Desktop/School/D_lab/final_project/Pong/Pong.runs/impl_1/Pong.bit} [get_hw_devices xc7a100t_0]
program_hw_devices [get_hw_devices xc7a100t_0]
refresh_hw_device [lindex [get_hw_devices xc7a100t_0] 0]
update_compile_order -fileset sources_1
update_compile_order -fileset sources_1
reset_run synth_1
launch_runs impl_1 -to_step write_bitstream -jobs 16
wait_on_run impl_1
reset_run synth_1
launch_runs synth_1 -jobs 16
wait_on_run synth_1
reset_run synth_1
launch_runs synth_1 -jobs 16
wait_on_run synth_1
open_run synth_1 -name synth_1
set_property IOSTANDARD LVCMOS33 [get_ports [list {state[2]} {state[1]} {state[0]}]]
save_constraints
set_property IOSTANDARD LVCMOS33 [get_ports [list {state[2]} {state[1]} {state[0]}]]
place_ports {state[2]} J13
place_ports {state[1]} K18
place_ports {state[0]} H17
save_constraints
reset_run synth_1
launch_runs synth_1 -jobs 16
wait_on_run synth_1
close_design
open_run synth_1 -name synth_1
reset_run synth_1
launch_runs synth_1 -jobs 16
wait_on_run synth_1
launch_runs impl_1 -jobs 16
wait_on_run impl_1
launch_runs impl_1 -to_step write_bitstream -jobs 16
wait_on_run impl_1
disconnect_hw_server localhost:3121
connect_hw_server -allow_non_jtag
open_hw_target
set_property PROGRAM.FILE {C:/Users/asian/Desktop/School/D_lab/final_project/Pong/Pong.runs/impl_1/Pong.bit} [get_hw_devices xc7a100t_0]
current_hw_device [get_hw_devices xc7a100t_0]
refresh_hw_device -update_hw_probes false [lindex [get_hw_devices xc7a100t_0] 0]
set_property PROBES.FILE {} [get_hw_devices xc7a100t_0]
set_property FULL_PROBES.FILE {} [get_hw_devices xc7a100t_0]
set_property PROGRAM.FILE {C:/Users/asian/Desktop/School/D_lab/final_project/Pong/Pong.runs/impl_1/Pong.bit} [get_hw_devices xc7a100t_0]
program_hw_devices [get_hw_devices xc7a100t_0]
refresh_hw_device [lindex [get_hw_devices xc7a100t_0] 0]
